should set values properly:
  1: |
    nginx.ingress.kubernetes.io/affinity: cookie
    nginx.ingress.kubernetes.io/session-cookie-expires: "1800"
    nginx.ingress.kubernetes.io/session-cookie-name: XNGINX
  2: |
    rules:
      - host: ""
        http:
          paths:
            - backend:
                service:
                  name: release-xwiki
                  port:
                    number: 80
              path: /
              pathType: ImplementationSpecific
